../LWIP/Target/ethernetif.c:163:6:HAL_ETH_RxCpltCallback	16	static
../LWIP/Target/ethernetif.c:172:6:HAL_ETH_TxCpltCallback	16	static
../LWIP/Target/ethernetif.c:181:6:HAL_ETH_ErrorCallback	16	static
../LWIP/Target/ethernetif.c:203:13:low_level_init	176	static
../LWIP/Target/ethernetif.c:385:14:low_level_output	80	static
../LWIP/Target/ethernetif.c:443:22:low_level_input	24	static
../LWIP/Target/ethernetif.c:464:6:ethernetif_input	24	static
../LWIP/Target/ethernetif.c:521:7:ethernetif_init	16	static
../LWIP/Target/ethernetif.c:572:6:pbuf_free_custom	24	static
../LWIP/Target/ethernetif.c:595:7:sys_now	8	static
../LWIP/Target/ethernetif.c:608:6:HAL_ETH_MspInit	64	static
../LWIP/Target/ethernetif.c:673:6:HAL_ETH_MspDeInit	16	static
../LWIP/Target/ethernetif.c:721:9:ETH_PHY_IO_Init	8	static
../LWIP/Target/ethernetif.c:738:9:ETH_PHY_IO_DeInit	4	static
../LWIP/Target/ethernetif.c:750:9:ETH_PHY_IO_ReadReg	24	static
../LWIP/Target/ethernetif.c:767:9:ETH_PHY_IO_WriteReg	24	static
../LWIP/Target/ethernetif.c:781:9:ETH_PHY_IO_GetTick	8	static
../LWIP/Target/ethernetif.c:790:6:ethernet_link_thread	136	static
../LWIP/Target/ethernetif.c:864:6:HAL_ETH_RxAllocateCallback	32	static
../LWIP/Target/ethernetif.c:887:6:HAL_ETH_RxLinkCallback	56	static,ignoring_inline_asm
../LWIP/Target/ethernetif.c:927:6:HAL_ETH_TxFreeCallback	16	static
../LWIP/Target/ethernetif.c:938:6:ethernet_link_chk_state	136	static
